// Jest Snapshot v1, https://goo.gl/fbAQLP

exports[`Title component should render Title component with props 1`] = `
<h2
  className="title"
>
  Test
</h2>
`;
